[INFO] [1789376296.503719579] [robot_state_publisher]: got segment base_balck_link
[INFO] [1789376296.503804991] [robot_state_publisher]: got segment base_link
[INFO] [1789376296.503811813] [robot_state_publisher]: got segment base_screen_link
[INFO] [1789376296.503814273] [robot_state_publisher]: got segment base_white_link
[INFO] [1789376296.503816654] [robot_state_publisher]: got segment camera_calibration_hand
[INFO] [1789376296.503819059] [robot_state_publisher]: got segment camera_housing_link
[INFO] [1789376296.503821248] [robot_state_publisher]: got segment depth_cam_frame
[INFO] [1789376296.503823320] [robot_state_publisher]: got segment depth_cam_link
[INFO] [1789376296.503825471] [robot_state_publisher]: got segment depth_cam_optical_frame
[INFO] [1789376296.503827596] [robot_state_publisher]: got segment end_effector_link
[INFO] [1789376296.503829713] [robot_state_publisher]: got segment gripper_servo_link
[INFO] [1789376296.503832088] [robot_state_publisher]: got segment l_in_link
[INFO] [1789376296.503834852] [robot_state_publisher]: got segment l_link
[INFO] [1789376296.503836772] [robot_state_publisher]: got segment l_out_link
[INFO] [1789376296.503838662] [robot_state_publisher]: got segment link1
[INFO] [1789376296.503840618] [robot_state_publisher]: got segment link2
[INFO] [1789376296.503842508] [robot_state_publisher]: got segment link3
[INFO] [1789376296.503844319] [robot_state_publisher]: got segment link4
[INFO] [1789376296.503846147] [robot_state_publisher]: got segment link5
[INFO] [1789376296.503847984] [robot_state_publisher]: got segment r_in_link
[INFO] [1789376296.503849956] [robot_state_publisher]: got segment r_link
[INFO] [1789376296.503851836] [robot_state_publisher]: got segment r_out_link
[INFO] [1789376296.503853714] [robot_state_publisher]: got segment servo_link2
[INFO] [1789376296.503855633] [robot_state_publisher]: got segment world
